.equiv @sbrk, 9
.equiv @print_string, 4
.equiv @print_char, 11
.equiv @print_int, 1
.equiv @exit, 10
.equiv @exit2, 17
.text
.globl main
jal Main
li a0, @exit
ecall
.globl Main
Main:
sw fp, -8(sp)
mv fp, sp
li t6, 28
sub sp, sp, t6
sw ra, -4(fp)
li t0, 4
sw t0, -12(fp)
lw t1, -12(fp)
mv a0, t1
jal alloc
mv t0, a0
sw t0, -16(fp)
lw t1, -12(fp)
mv a0, t1
jal alloc
mv t3, a0
la t0, FacComputeFac
sw t0, -12(fp)
lw t1, -12(fp)
sw t1, 0(t3)
sw t3, -12(fp)
lw t0, -16(fp)
lw t1, -12(fp)
sw t1, 0(t0)
lw t1, -16(fp)
bnez t1, Mainnull1_no_long_jump0
jal Mainnull1
Mainnull1_no_long_jump0:
lw t1, -16(fp)
lw t4, 0(t1)
lw t4, 0(t4)
li t0, 6
sw t0, -12(fp)
sw t3, -20(fp)
sw t4, -24(fp)
sw t5, -28(fp)
li t6, 8
sub sp, sp, t6
lw t6, -16(fp)
sw t6, 0(sp)
lw t6, -12(fp)
sw t6, 4(sp)
jalr t4
addi sp, sp, 8
mv t0, a0
lw t4, -24(fp)
lw t5, -28(fp)
lw t3, -20(fp)
mv t5, t0
mv a0, t5
jal print
jal Mainmain_end
Mainnull1:
la a0, msg_array_oob
jal error
Mainmain_end:
lw a0, -12(fp)
lw ra, -4(fp)
lw fp, -8(fp)
addi sp, sp, 28
jr ra
.globl FacComputeFac
FacComputeFac:
sw fp, -8(sp)
mv fp, sp
li t6, 32
sub sp, sp, t6
sw ra, -4(fp)
sw s1, -12(fp)
li t3, 1
lw t1, 4(fp)
slt t4, t1, t3
bnez t4, FacComputeFacif1_else_no_long_jump1
jal FacComputeFacif1_else
FacComputeFacif1_else_no_long_jump1:
li t0, 1
sw t0, -16(fp)
jal FacComputeFacif1_end
FacComputeFacif1_else:
lw t1, 0(fp)
lw t5, 0(t1)
lw t5, 0(t5)
li t3, 1
lw t1, 4(fp)
sub t0, t1, t3
sw t0, -20(fp)
sw t3, -24(fp)
sw t4, -28(fp)
sw t5, -32(fp)
li t6, 8
sub sp, sp, t6
lw t6, 0(fp)
sw t6, 0(sp)
lw t6, -20(fp)
sw t6, 4(sp)
jalr t5
addi sp, sp, 8
mv t0, a0
lw t4, -28(fp)
lw t5, -32(fp)
lw t3, -24(fp)
mv s1, t0
lw t1, 4(fp)
mul t0, t1, s1
sw t0, -16(fp)
FacComputeFacif1_end:
lw s1, -12(fp)
lw a0, -16(fp)
lw ra, -4(fp)
lw fp, -8(fp)
addi sp, sp, 32
jr ra
.globl print
print:
mv a1, a0
li a0, @print_int
ecall
li a1, 10
li a0, @print_char
ecall
jr ra
.globl error
error:
mv a1, a0
li a0, @print_string
ecall
li a1, 10
li a0, @print_char
ecall
li a0, @exit
ecall
abort_17:
j abort_17
.globl alloc
alloc:
mv a1, a0
li a0, @sbrk
ecall
jr ra
.data
.globl msg_nullptr
msg_nullptr:
.asciiz "null pointer"
.align 2
.globl msg_array_oob
msg_array_oob:
.asciiz "array index out of bounds"
.align 2
